============================= test session starts ==============================
platform darwin -- Python 3.8.2, pytest-7.4.0, pluggy-1.2.0
rootdir: /Users/nmitchell/workspace/rascal-debugging-interview
collected 7 items

test_rascal.py .......                                                   [100%]

============================== 7 passed in 0.52s ===============================
